# core
bluez
bluez-utils
btrfs-progs
efibootmgr
git
gst-plugin-pipewire
hyprland
intel-ucode
libpulse
linux
linux-firmware
networkmanager
ntfs-3g
pipewire
pipewire-alsa
pipewire-jack
pipewire-pulse
polkit-gnome
sddm
sof-firmware
unzip
vulkan-intel
wireplumber
xdg-desktop-portal-hyprland

# utility
blueman
brightnessctl
cliphist
eza
fastfetch
gnome-calculator
gnome-disk-utility
gnome-keyring
hypridle
hyprlock
hyprpicker
hyprshot
loupe
nautilus
nwg-look
obsidian
papers
pavucontrol
power-profiles-daemon
rofi
rofi-emoji
seahorse
snapshot
swaync
swww
vlc
waybar

# terminal
alacritty
bat
btop
dysk
fzf
imagemagick
kitty
less
neovim
pastel
starship
stow
tldr
tmux
zoxide
zsh

# browser
firefox-developer-edition
vivaldi
zen-browser-bin

# theming
adw-gtk-theme
bibata-cursor-theme-bin
matugen-bin
python-pywal16
tela-circle-icon-theme-blue
tela-circle-icon-theme-dracula
tela-circle-icon-theme-green
tela-circle-icon-theme-grey
tela-circle-icon-theme-orange
tela-circle-icon-theme-pink
tela-circle-icon-theme-purple
tela-circle-icon-theme-red
tela-circle-icon-theme-yellow

# entertainment
spotify
telegram-desktop

# development
go
hyprls-git
podman
podman-desktop
postman-bin
rust
visual-studio-code-insiders-bin
zed

# fonts
noto-fonts
noto-fonts-cjk
noto-fonts-emoji
ttf-nerd-fonts-symbols
